// Vitest Snapshot v1, https://vitest.dev/guide/snapshot.html

exports[`Overseer system + tools snapshot > Overseer system prompt is stable 1`] = `
"You are the Overseer (also called Delamain) — the AI project manager inside TenSixtyThree. Calm, precise, efficient, like a vehicle dispatcher running a fleet. The developer may call you by a custom name; use whatever name they address you by. The platform now has a Teams layer: work (dispatches and human tasks) can be attributed to a team and an owner, and the /team page shows the unified human+agent activity feed. When the developer asks who is working on what, that feed is the source of truth.

# Your job
Help the developer plan their daily sprint. When they describe what they want done, you create dispatch plans they can execute.

# Tools — use them, don't guess
You have tools for project state, fleet activity, session logs, dispatch outcomes, the playbook, and engineer messages. ALWAYS call tools instead of inventing project information from memory. If a tool returns found:false, say so plainly.

Available tools (the API gives you the full schemas):

Read tools:
- query_project, query_projects — single + fleet project state
- get_recent_activity — events across the fleet, optionally per-project
- get_session_logs — what a project's last Claude session did
- get_dispatch_outcomes — per-mode totals, success rate, recent failures
- get_yesterday_summary — last 3 assistant messages from a prior date
- get_engineer_messages — Kilroy's notes to you (the Engineer channel)
- get_playbook — the developer's standing rules (use bullets:true for the rules-only view)
- get_session_state — what YOU have already confirmed in THIS conversation

Write tools (use these so confirmed answers don't get lost in conversation history):
- update_session_memory({patch}) — record any structured fact you've confirmed with the developer this turn (project progress, blockers, decisions). Deep-merges into the session state. Use this aggressively during inventory walks — after visiting each project, write down what you learned.
- set_active_flow({flow}) — declare what you're doing: "inventory_walk", "dispatch_planning", "incident_triage", or null. A hint to yourself for subsequent turns.
- propose_dispatch({slug, mode, instructions?}) — record a dispatch the developer can review and execute.
- create_reminder({conditionType, conditionValue, message, projectSlug?}) — fires when a condition becomes true.
- create_human_todo({title, projectSlug?, category?, priority?}) — manual to-do for the developer.

# Knowledge with citations
When the developer asks a how-to / what-to-do question that the knowledge base might cover, call query_knowledge_with_citations({ query }). The tool returns top-N lessons each prefixed with [L-<id>]. When you fold a lesson's content into your answer, include the EXACT marker text (e.g. [L-42]) in your response — the chat UI renders those markers as clickable links. Don't paraphrase the marker. Don't invent IDs. If no lessons match, just answer from your own knowledge without citations.

# Outcome-conditioned proposals
Before calling propose_dispatch, ALWAYS call query_outcome_history({ slug }) for the project you're about to dispatch. The tool returns a summary of recent outcomes — if the developer's preferred mode isn't producing useful signals (e.g. 3 consecutive audits with no findings), surface that and propose the alternative mode in your text. The developer still triggers; you advise. If the project has no history (totalDispatches === 0), proceed with whatever the playbook suggests and don't mention history.

# Inventory walks — the pattern
When walking the fleet to confirm state ("how is each project?"), follow this loop:
1. Call set_active_flow("inventory_walk") at the start.
2. For each project: query_project to read DB state, ask the developer to confirm or update, then update_session_memory with the confirmed values (e.g. patch: {covered: {medipal: {progress: 40, note: "auth shipped"}}}).
3. Use get_session_state when you need to recall what you've covered.
4. When done, call set_active_flow("dispatch_planning") and use propose_dispatch for each project that needs work.

# Dashboard-bridge output
After you've called propose_dispatch for each intended dispatch, also emit a [DISPATCH] tag for each in your text response so the dashboard can render Execute Sprint buttons. Format:

[DISPATCH] project-slug: mode — optional instructions
   Modes: continue, audit, investigate, custom

This is a UI bridge — the canonical record is the propose_dispatch call. Don't emit other text tags ([REMINDER], [HUMAN TODO], [PLAYBOOK], [ENGINEER]) — those flow exclusively through the structured tools now.

# Style
- First person. "I'll dispatch ratracer..." — not "the system will..."
- Concise. Standup, not meeting.
- Status reports like a dispatcher: "3 active, 2 idle, 1 blocked"
- Show the dispatch plan, then wait for the developer to click Execute Sprint
- Backburner projects are intentionally parked. Don't push them; once a week you can ask "want to check in on [project]?"
- Blocked + NEEDS ATTENTION → recommend "investigate" mode and quote the attention message
- Stalled (low progress + many sessions) → flag it, ask if priorities should shift"
`;

exports[`Overseer system + tools snapshot > Overseer tool definitions are stable (no tool carries cache_control) 1`] = `
[
  {
    "description": "Returns the current state for a project by slug — name, status, health, phase, progress, and contextual fields. Use this whenever the developer asks about a specific project; do not invent project information from memory.",
    "input_schema": {
      "properties": {
        "slug": {
          "description": "The project's lowercase, hyphenated slug (e.g. 'medipal').",
          "type": "string",
        },
      },
      "required": [
        "slug",
      ],
      "type": "object",
    },
    "name": "query_project",
  },
  {
    "description": "List projects matching optional filters. Use this to get fleet-level visibility (e.g. 'what's blocked?', 'what's currently in flight?'). Excludes backburner + archived by default; order is by most recently active.",
    "input_schema": {
      "properties": {
        "health": {
          "description": "Filter by health values (e.g. ['blocked', 'warning']).",
          "items": {
            "type": "string",
          },
          "type": "array",
        },
        "includeBackburner": {
          "description": "Include backburner + archived projects in the list. Default false.",
          "type": "boolean",
        },
        "limit": {
          "description": "Cap on rows returned. Default 25.",
          "type": "number",
        },
        "status": {
          "description": "Filter by status values (e.g. ['building', 'deployed']).",
          "items": {
            "type": "string",
          },
          "type": "array",
        },
      },
      "type": "object",
    },
    "name": "query_projects",
  },
  {
    "description": "Get recent activity events across the fleet (or scoped to one project). Use this for 'what's happened lately?' questions. Cross-project events have null projectSlug/projectName.",
    "input_schema": {
      "properties": {
        "eventType": {
          "description": "Restrict to one event type (e.g. 'phase-complete').",
          "type": "string",
        },
        "limit": {
          "description": "Cap on events returned. Default 10.",
          "type": "number",
        },
        "projectSlug": {
          "description": "Restrict to one project's activity by slug.",
          "type": "string",
        },
      },
      "type": "object",
    },
    "name": "get_recent_activity",
  },
  {
    "description": "Get recent Claude Code session logs for a project. Use this when the developer asks 'what happened on X last session?' Each log has a filename, timestamp, and a truncated summary of the session's handoff content.",
    "input_schema": {
      "properties": {
        "limit": {
          "description": "How many recent logs to return. Default 1.",
          "type": "number",
        },
        "slug": {
          "description": "The project's slug.",
          "type": "string",
        },
      },
      "required": [
        "slug",
      ],
      "type": "object",
    },
    "name": "get_session_logs",
  },
  {
    "description": "Get aggregated dispatch outcome statistics — per-mode totals, success rates, and recent failures. Use this when calibrating dispatch recommendations or answering 'how reliable has investigate mode been?'",
    "input_schema": {
      "properties": {
        "limit": {
          "description": "Cap on outcome rows to sample. Default 50.",
          "type": "number",
        },
        "mode": {
          "description": "Restrict to one dispatch mode (continue/audit/investigate/custom).",
          "type": "string",
        },
        "projectSlug": {
          "description": "Restrict aggregation to one project.",
          "type": "string",
        },
      },
      "type": "object",
    },
    "name": "get_dispatch_outcomes",
  },
  {
    "description": "Get the last 3 assistant messages from a previous day's chat (yesterday by default). Use this for continuity — referencing what was planned or decided in a prior session.",
    "input_schema": {
      "properties": {
        "daysAgo": {
          "description": "How many days back to look (1 = yesterday, 2 = the day before, etc.). Default 1.",
          "type": "number",
        },
        "perMessageMaxChars": {
          "description": "Truncate each message to this many chars. Default 300.",
          "type": "number",
        },
      },
      "type": "object",
    },
    "name": "get_yesterday_summary",
  },
  {
    "description": "Get the most recent messages the Engineer (Kilroy — the Claude maintaining Cascade) has left for the Overseer. Use this when the engineer asks a question or notes something operationally important.",
    "input_schema": {
      "properties": {
        "maxChars": {
          "description": "Truncate to the last N characters of the channel. Default 2000.",
          "type": "number",
        },
      },
      "type": "object",
    },
    "name": "get_engineer_messages",
  },
  {
    "description": "Get the developer's preferences and playbook rules for the Overseer (knowledge/overseer-playbook.md). Use this when you need to remember how the developer wants you to operate (rules they've ratified across sessions). The 'bullets' flag returns just the list lines; default returns the full document.",
    "input_schema": {
      "properties": {
        "bullets": {
          "description": "Return only lines that start with '- ' (skips title + headers).",
          "type": "boolean",
        },
      },
      "type": "object",
    },
    "name": "get_playbook",
  },
  {
    "description": "Record a structured fact you've confirmed with the developer this session — for example a project's progress, a blocker, a decision. Patch is deep-merged into the session's working memory; subsequent turns will see the merged state via get_session_state. Use this aggressively during inventory walks so confirmed answers don't get lost in conversation history.",
    "input_schema": {
      "properties": {
        "patch": {
          "description": "Structured fragment to merge into working memory. Nested objects merge recursively; arrays and primitives overwrite. Examples: {covered: {medipal: {progress: 40, blocker: 'auth tests flaky'}}}, {decisions: ['ship phase-12B before next standup']}.",
          "type": "object",
        },
      },
      "required": [
        "patch",
      ],
      "type": "object",
    },
    "name": "update_session_memory",
  },
  {
    "description": "Declare what kind of conversation you're in. Use 'inventory_walk' when visiting each project to confirm state. 'dispatch_planning' once you're translating confirmed state into a dispatch plan. 'incident_triage' when investigating a single blocker deeply. Pass null to clear (back to free chat). Setting a flow is a hint to yourself for subsequent turns; nothing breaks if you forget.",
    "input_schema": {
      "properties": {
        "flow": {
          "description": "The active flow, or null to clear.",
          "enum": [
            "inventory_walk",
            "dispatch_planning",
            "incident_triage",
            null,
          ],
          "type": [
            "string",
            "null",
          ],
        },
      },
      "required": [
        "flow",
      ],
      "type": "object",
    },
    "name": "set_active_flow",
  },
  {
    "description": "Get the canonical state of THIS conversation — the activeFlow you set and everything you've recorded via update_session_memory. Use this when you need to recall what's been confirmed earlier in the session before answering. Replaces 'I think you told me earlier...' guesswork.",
    "input_schema": {
      "properties": {},
      "type": "object",
    },
    "name": "get_session_state",
  },
  {
    "description": "Record a proposed dispatch in this session's working memory. Use this whenever you'd otherwise emit a [DISPATCH] tag — it's the structured equivalent. The user reviews proposals and explicitly executes them; nothing is dispatched until they click Execute Sprint.",
    "input_schema": {
      "properties": {
        "instructions": {
          "description": "Optional free-text guidance for the dispatched session (e.g. 'focus on finishing the auth tests').",
          "type": "string",
        },
        "mode": {
          "description": "Dispatch mode.",
          "enum": [
            "continue",
            "audit",
            "investigate",
            "custom",
          ],
          "type": "string",
        },
        "slug": {
          "description": "Lowercase, hyphenated project slug.",
          "type": "string",
        },
      },
      "required": [
        "slug",
        "mode",
      ],
      "type": "object",
    },
    "name": "propose_dispatch",
  },
  {
    "description": "Create a reminder that fires when a condition becomes true. Structured equivalent of the [REMINDER] tag. Examples: ramp-up of a project's health, completion of a phase, deployment going live, or a freeform date-based note.",
    "input_schema": {
      "properties": {
        "conditionType": {
          "description": "What kind of trigger fires this. Use 'custom' for freeform / time-based notes.",
          "enum": [
            "project-health",
            "phase-complete",
            "project-deployed",
            "custom",
          ],
          "type": "string",
        },
        "conditionValue": {
          "description": "The trigger value: 'slug:healthy' or 'slug:phase-3' or 'slug' or freeform text.",
          "type": "string",
        },
        "message": {
          "description": "Human-readable reminder body.",
          "type": "string",
        },
        "projectSlug": {
          "description": "Optional project slug this reminder relates to.",
          "type": "string",
        },
      },
      "required": [
        "conditionType",
        "conditionValue",
        "message",
      ],
      "type": "object",
    },
    "name": "create_reminder",
  },
  {
    "description": "Create a manual to-do item for the developer. Structured equivalent of the [HUMAN TODO] tag. Use for things only the developer can do (upload assets, get API keys, manual testing, deploy approval, code review, etc.).",
    "input_schema": {
      "properties": {
        "category": {
          "description": "Categorization for the dashboard. Default 'other'.",
          "enum": [
            "asset",
            "credential",
            "testing",
            "deploy",
            "review",
            "external",
            "other",
          ],
          "type": "string",
        },
        "priority": {
          "description": "Priority. Default 'normal'.",
          "enum": [
            "high",
            "normal",
            "low",
          ],
          "type": "string",
        },
        "projectSlug": {
          "description": "Slug of the project this relates to (optional).",
          "type": "string",
        },
        "title": {
          "description": "What the developer needs to do.",
          "type": "string",
        },
      },
      "required": [
        "title",
      ],
      "type": "object",
    },
    "name": "create_human_todo",
  },
  {
    "description": "Read recent dispatch outcomes for a project. Call this BEFORE proposing a dispatch — your recommendation should reflect what has worked recently. Returns per-mode counts, success rates, recurring signals, and a one-line summary.",
    "input_schema": {
      "properties": {
        "slug": {
          "description": "Project slug to query history for.",
          "type": "string",
        },
        "windowDays": {
          "description": "How many days back to look. Default 14.",
          "type": "number",
        },
      },
      "required": [
        "slug",
      ],
      "type": "object",
    },
    "name": "query_outcome_history",
  },
  {
    "description": "Read tool-call telemetry. Useful when the developer asks about which tools you use, why a session hit the iteration limit, or whether a tool keeps failing. Returns aggregated counts, success rates, and latency stats.",
    "input_schema": {
      "properties": {
        "groupBy": {
          "description": "What to group by. Default 'tool'.",
          "enum": [
            "tool",
            "session",
            "iteration",
          ],
          "type": "string",
        },
        "sessionId": {
          "description": "Restrict to one ChatSession id. Default: current session if available.",
          "type": "string",
        },
        "windowDays": {
          "description": "How many days back to aggregate. Default 7, max 90.",
          "type": "number",
        },
      },
      "type": "object",
    },
    "name": "get_tool_call_stats",
  },
  {
    "description": "Search the knowledge base for lessons relevant to a query. Returns top-N matched lessons with citation markers ([L-<id>]). When you use a lesson's content in your answer, cite it by writing the exact marker — e.g. "...switch to WAL journaling [L-42]." The chat UI renders these markers as clickable links to the lesson detail page. Use this when the developer asks a how-to / what-to-do question that the knowledge base might already answer.",
    "input_schema": {
      "properties": {
        "query": {
          "description": "Issue or question to match against the knowledge base.",
          "type": "string",
        },
        "topN": {
          "description": "Max lessons to return. Default 5, capped at 10.",
          "type": "number",
        },
      },
      "required": [
        "query",
      ],
      "type": "object",
    },
    "name": "query_knowledge_with_citations",
  },
]
`;
